# test/bitwise.p, 1: program TestBitWise() is
# test/bitwise.p, 2: var	x, y, z : integer ;
    0: calli 0, 2
    1: halt
# test/bitwise.p, 3: begin
    2: enter 3
# test/bitwise.p, 4: 	x := 15;
    3: pushvar 0, 4
    4: push 15
    5: assign 1
# test/bitwise.p, 5: 	y := 1;
    6: pushvar 0, 5
    7: push 1
    8: assign 1
# test/bitwise.p, 6: 	put("x = "); put_line(x);
    9: push 'x'
   10: push ' '
   11: push '='
   12: push ' '
   13: push 4
   14: push 0
   15: push 0
   16: put
   17: pushvar 0, 4
   18: eval 1
   19: push 1
   20: push 0
   21: push 0
   22: put
   23: push '
'
   24: push 1
   25: push 0
   26: push 0
   27: put
# test/bitwise.p, 7: 	put("y = "); put_line(y);
   28: push 'y'
   29: push ' '
   30: push '='
   31: push ' '
   32: push 4
   33: push 0
   34: push 0
   35: put
   36: pushvar 0, 5
   37: eval 1
   38: push 1
   39: push 0
   40: push 0
   41: put
   42: push '
'
   43: push 1
   44: push 0
   45: push 0
   46: put
# test/bitwise.p, 8: 
# test/bitwise.p, 9: 	z := x bit_and y;
   47: pushvar 0, 6
   48: pushvar 0, 4
   49: eval 1
   50: pushvar 0, 5
   51: eval 1
   52: bitand
   53: assign 1
# test/bitwise.p, 10: 	put("z := x bit_and y = ");
   54: push 'z'
   55: push ' '
   56: push ':'
   57: push '='
   58: push ' '
   59: push 'x'
   60: push ' '
   61: push 'b'
   62: push 'i'
   63: push 't'
   64: push '_'
   65: push 'a'
   66: push 'n'
   67: push 'd'
   68: push ' '
   69: push 'y'
   70: push ' '
   71: push '='
   72: push ' '
   73: push 19
   74: push 0
   75: push 0
   76: put
# test/bitwise.p, 11: 	put_line(z);
   77: pushvar 0, 6
   78: eval 1
   79: push 1
   80: push 0
   81: push 0
   82: put
   83: push '
'
   84: push 1
   85: push 0
   86: push 0
   87: put
# test/bitwise.p, 12: 
# test/bitwise.p, 13: 	z := 10 bit_or z;
   88: pushvar 0, 6
   89: push 10
   90: pushvar 0, 6
   91: eval 1
   92: bitor
   93: assign 1
# test/bitwise.p, 14: 	put("z :+ 10 bit_or z = ");
   94: push 'z'
   95: push ' '
   96: push ':'
   97: push '+'
   98: push ' '
   99: push '1'
  100: push '0'
  101: push ' '
  102: push 'b'
  103: push 'i'
  104: push 't'
  105: push '_'
  106: push 'o'
  107: push 'r'
  108: push ' '
  109: push 'z'
  110: push ' '
  111: push '='
  112: push ' '
  113: push 19
  114: push 0
  115: push 0
  116: put
# test/bitwise.p, 15: 	put_line(z);
  117: pushvar 0, 6
  118: eval 1
  119: push 1
  120: push 0
  121: push 0
  122: put
  123: push '
'
  124: push 1
  125: push 0
  126: push 0
  127: put
# test/bitwise.p, 16: 
# test/bitwise.p, 17: 	z := x bit_xor y;
  128: pushvar 0, 6
  129: pushvar 0, 4
  130: eval 1
  131: pushvar 0, 5
  132: eval 1
  133: bitxor
  134: assign 1
# test/bitwise.p, 18: 	put("z := x bit_xor y = ");
  135: push 'z'
  136: push ' '
  137: push ':'
  138: push '='
  139: push ' '
  140: push 'x'
  141: push ' '
  142: push 'b'
  143: push 'i'
  144: push 't'
  145: push '_'
  146: push 'x'
  147: push 'o'
  148: push 'r'
  149: push ' '
  150: push 'y'
  151: push ' '
  152: push '='
  153: push ' '
  154: push 19
  155: push 0
  156: push 0
  157: put
# test/bitwise.p, 19: 	put_line(z);
  158: pushvar 0, 6
  159: eval 1
  160: push 1
  161: push 0
  162: push 0
  163: put
  164: push '
'
  165: push 1
  166: push 0
  167: push 0
  168: put
# test/bitwise.p, 20: 
# test/bitwise.p, 21: 	z := bit_not z;
  169: pushvar 0, 6
  170: pushvar 0, 6
  171: eval 1
  172: bitand
  173: assign 1
# test/bitwise.p, 22: 	put("bit_not z = ");
  174: push 'b'
  175: push 'i'
  176: push 't'
  177: push '_'
  178: push 'n'
  179: push 'o'
  180: push 't'
  181: push ' '
  182: push 'z'
  183: push ' '
  184: push '='
  185: push ' '
  186: push 12
  187: push 0
  188: push 0
  189: put
# test/bitwise.p, 23: 	put_line(z);
  190: pushvar 0, 6
  191: eval 1
  192: push 1
  193: push 0
  194: push 0
  195: put
  196: push '
'
  197: push 1
  198: push 0
  199: push 0
  200: put
# test/bitwise.p, 24: 
# test/bitwise.p, 25: 	z := x shift_left y;
  201: pushvar 0, 6
  202: pushvar 0, 4
  203: eval 1
  204: pushvar 0, 5
  205: eval 1
  206: shiftl
  207: assign 1
# test/bitwise.p, 26: 	put("z := x shift_left y = ");
  208: push 'z'
  209: push ' '
  210: push ':'
  211: push '='
  212: push ' '
  213: push 'x'
  214: push ' '
  215: push 's'
  216: push 'h'
  217: push 'i'
  218: push 'f'
  219: push 't'
  220: push '_'
  221: push 'l'
  222: push 'e'
  223: push 'f'
  224: push 't'
  225: push ' '
  226: push 'y'
  227: push ' '
  228: push '='
  229: push ' '
  230: push 22
  231: push 0
  232: push 0
  233: put
# test/bitwise.p, 27: 	put_line(z);
  234: pushvar 0, 6
  235: eval 1
  236: push 1
  237: push 0
  238: push 0
  239: put
  240: push '
'
  241: push 1
  242: push 0
  243: push 0
  244: put
# test/bitwise.p, 28: 
# test/bitwise.p, 29: 	z := x shift_right y;
  245: pushvar 0, 6
  246: pushvar 0, 4
  247: eval 1
  248: pushvar 0, 5
  249: eval 1
  250: shiftr
  251: assign 1
# test/bitwise.p, 30: 	put("z := x shift_right y = ");
  252: push 'z'
  253: push ' '
  254: push ':'
  255: push '='
  256: push ' '
  257: push 'x'
  258: push ' '
  259: push 's'
  260: push 'h'
  261: push 'i'
  262: push 'f'
  263: push 't'
  264: push '_'
  265: push 'r'
  266: push 'i'
  267: push 'g'
  268: push 'h'
  269: push 't'
  270: push ' '
  271: push 'y'
  272: push ' '
  273: push '='
  274: push ' '
  275: push 23
  276: push 0
  277: push 0
  278: put
# test/bitwise.p, 31: 	put_line(z)
  279: pushvar 0, 6
  280: eval 1
  281: push 1
  282: push 0
  283: push 0
  284: put
# test/bitwise.p, 32: endprog
  285: push '
'
  286: push 1
  287: push 0
  288: push 0
  289: put
# test/bitwise.p, 33: 
  290: ret

x = 15
y = 1
z := x bit_and y = 1
z :+ 10 bit_or z = 11
z := x bit_xor y = 14
bit_not z = -15
z := x shift_left y = 30
z := x shift_right y = 7
