# test/bitwise.p, 1: program TestBitWise() is
# test/bitwise.p, 2: var	x, y, z : integer ;
    0: calli 0, 2
    1: halt
# test/bitwise.p, 3: begin
    2: enter 3
# test/bitwise.p, 4: 	x := 15;
    3: pushvar 0, 4
    4: push 15
    5: assign 1
# test/bitwise.p, 5: 	y := 1;
    6: pushvar 0, 5
    7: push 1
    8: assign 1
# test/bitwise.p, 6: 	put("x = "); putln(x);
    9: push 'x'
   10: push ' '
   11: push '='
   12: push ' '
   13: push 4
   14: push 0
   15: push 0
   16: put
   17: pushvar 0, 4
   18: eval 1
   19: push 1
   20: push 0
   21: push 0
   22: putln
# test/bitwise.p, 7: 	put("y = "); putln(y);
   23: push 'y'
   24: push ' '
   25: push '='
   26: push ' '
   27: push 4
   28: push 0
   29: push 0
   30: put
   31: pushvar 0, 5
   32: eval 1
   33: push 1
   34: push 0
   35: push 0
   36: putln
# test/bitwise.p, 8: 
# test/bitwise.p, 9: 	z := x bit_and y;
   37: pushvar 0, 6
   38: pushvar 0, 4
   39: eval 1
   40: pushvar 0, 5
   41: eval 1
   42: bitand
   43: assign 1
# test/bitwise.p, 10: 	put("z := x bit_and y = ");
   44: push 'z'
   45: push ' '
   46: push ':'
   47: push '='
   48: push ' '
   49: push 'x'
   50: push ' '
   51: push 'b'
   52: push 'i'
   53: push 't'
   54: push '_'
   55: push 'a'
   56: push 'n'
   57: push 'd'
   58: push ' '
   59: push 'y'
   60: push ' '
   61: push '='
   62: push ' '
   63: push 19
   64: push 0
   65: push 0
   66: put
# test/bitwise.p, 11: 	putln(z);
   67: pushvar 0, 6
   68: eval 1
   69: push 1
   70: push 0
   71: push 0
   72: putln
# test/bitwise.p, 12: 
# test/bitwise.p, 13: 	z := 10 bit_or z;
   73: pushvar 0, 6
   74: push 10
   75: pushvar 0, 6
   76: eval 1
   77: bitor
   78: assign 1
# test/bitwise.p, 14: 	put("z :+ 10 bit_or z = ");
   79: push 'z'
   80: push ' '
   81: push ':'
   82: push '+'
   83: push ' '
   84: push '1'
   85: push '0'
   86: push ' '
   87: push 'b'
   88: push 'i'
   89: push 't'
   90: push '_'
   91: push 'o'
   92: push 'r'
   93: push ' '
   94: push 'z'
   95: push ' '
   96: push '='
   97: push ' '
   98: push 19
   99: push 0
  100: push 0
  101: put
# test/bitwise.p, 15: 	putln(z);
  102: pushvar 0, 6
  103: eval 1
  104: push 1
  105: push 0
  106: push 0
  107: putln
# test/bitwise.p, 16: 
# test/bitwise.p, 17: 	z := x bit_xor y;
  108: pushvar 0, 6
  109: pushvar 0, 4
  110: eval 1
  111: pushvar 0, 5
  112: eval 1
  113: bitxor
  114: assign 1
# test/bitwise.p, 18: 	put("z := x bit_xor y = ");
  115: push 'z'
  116: push ' '
  117: push ':'
  118: push '='
  119: push ' '
  120: push 'x'
  121: push ' '
  122: push 'b'
  123: push 'i'
  124: push 't'
  125: push '_'
  126: push 'x'
  127: push 'o'
  128: push 'r'
  129: push ' '
  130: push 'y'
  131: push ' '
  132: push '='
  133: push ' '
  134: push 19
  135: push 0
  136: push 0
  137: put
# test/bitwise.p, 19: 	putln(z);
  138: pushvar 0, 6
  139: eval 1
  140: push 1
  141: push 0
  142: push 0
  143: putln
# test/bitwise.p, 20: 
# test/bitwise.p, 21: 	z := bit_not z;
  144: pushvar 0, 6
  145: pushvar 0, 6
  146: eval 1
  147: bitand
  148: assign 1
# test/bitwise.p, 22: 	put("bit_not z = ");
  149: push 'b'
  150: push 'i'
  151: push 't'
  152: push '_'
  153: push 'n'
  154: push 'o'
  155: push 't'
  156: push ' '
  157: push 'z'
  158: push ' '
  159: push '='
  160: push ' '
  161: push 12
  162: push 0
  163: push 0
  164: put
# test/bitwise.p, 23: 	putln(z);
  165: pushvar 0, 6
  166: eval 1
  167: push 1
  168: push 0
  169: push 0
  170: putln
# test/bitwise.p, 24: 
# test/bitwise.p, 25: 	z := x bit_sleft y;
  171: pushvar 0, 6
  172: pushvar 0, 4
  173: eval 1
  174: pushvar 0, 5
  175: eval 1
  176: shiftl
  177: assign 1
# test/bitwise.p, 26: 	put("z := x bit_sleft y = ");
  178: push 'z'
  179: push ' '
  180: push ':'
  181: push '='
  182: push ' '
  183: push 'x'
  184: push ' '
  185: push 'b'
  186: push 'i'
  187: push 't'
  188: push '_'
  189: push 's'
  190: push 'l'
  191: push 'e'
  192: push 'f'
  193: push 't'
  194: push ' '
  195: push 'y'
  196: push ' '
  197: push '='
  198: push ' '
  199: push 21
  200: push 0
  201: push 0
  202: put
# test/bitwise.p, 27: 	putln(z);
  203: pushvar 0, 6
  204: eval 1
  205: push 1
  206: push 0
  207: push 0
  208: putln
# test/bitwise.p, 28: 
# test/bitwise.p, 29: 	z := x bit_sright y;
  209: pushvar 0, 6
  210: pushvar 0, 4
  211: eval 1
  212: pushvar 0, 5
  213: eval 1
  214: shiftr
  215: assign 1
# test/bitwise.p, 30: 	put("z := x bit_sright y = ");
  216: push 'z'
  217: push ' '
  218: push ':'
  219: push '='
  220: push ' '
  221: push 'x'
  222: push ' '
  223: push 'b'
  224: push 'i'
  225: push 't'
  226: push '_'
  227: push 's'
  228: push 'r'
  229: push 'i'
  230: push 'g'
  231: push 'h'
  232: push 't'
  233: push ' '
  234: push 'y'
  235: push ' '
  236: push '='
  237: push ' '
  238: push 22
  239: push 0
  240: push 0
  241: put
# test/bitwise.p, 31: 	putln(z)
  242: pushvar 0, 6
  243: eval 1
  244: push 1
  245: push 0
  246: push 0
# test/bitwise.p, 32: endprog
  247: putln
# test/bitwise.p, 33: 
  248: ret 0

x = 15
y = 1
z := x bit_and y = 1
z :+ 10 bit_or z = 11
z := x bit_xor y = 14
bit_not z = -15
z := x bit_sleft y = 30
z := x bit_sright y = 7
