# test/bitwise.p, 1: program TestBitWise() is
# test/bitwise.p, 2: var	x, y, z : integer ;
    0: calli 0, 2
    1: halt
# test/bitwise.p, 3: begin
    2: enter 3
# test/bitwise.p, 4: 	x := 15;
    3: pushvar 0, 4
    4: push 15
    5: assign 1
# test/bitwise.p, 5: 	y := 1;
    6: pushvar 0, 5
    7: push 1
    8: assign 1
# test/bitwise.p, 6: 	put("x = "); putln(x);
    9: push 'x'
   10: push ' '
   11: push '='
   12: push ' '
   13: push 4
   14: push 0
   15: push 0
   16: put
   17: pushvar 0, 4
   18: eval 1
   19: push 1
   20: push 0
   21: push 0
   22: putln
# test/bitwise.p, 7: 	put("y = "); putln(y);
   23: push 'y'
   24: push ' '
   25: push '='
   26: push ' '
   27: push 4
   28: push 0
   29: push 0
   30: put
   31: pushvar 0, 5
   32: eval 1
   33: push 1
   34: push 0
   35: push 0
   36: putln
# test/bitwise.p, 8: 
# test/bitwise.p, 9: 	z := x band y;
   37: pushvar 0, 6
   38: pushvar 0, 4
   39: eval 1
   40: pushvar 0, 5
   41: eval 1
   42: bitand
   43: assign 1
# test/bitwise.p, 10: 	put("z := x band y = ");
   44: push 'z'
   45: push ' '
   46: push ':'
   47: push '='
   48: push ' '
   49: push 'x'
   50: push ' '
   51: push 'b'
   52: push 'a'
   53: push 'n'
   54: push 'd'
   55: push ' '
   56: push 'y'
   57: push ' '
   58: push '='
   59: push ' '
   60: push 16
   61: push 0
   62: push 0
   63: put
# test/bitwise.p, 11: 	putln(z);
   64: pushvar 0, 6
   65: eval 1
   66: push 1
   67: push 0
   68: push 0
   69: putln
# test/bitwise.p, 12: 
# test/bitwise.p, 13: 	z := 10 bor z;
   70: pushvar 0, 6
   71: push 10
   72: pushvar 0, 6
   73: eval 1
   74: bitor
   75: assign 1
# test/bitwise.p, 14: 	put("z :+ 10 bor z = ");
   76: push 'z'
   77: push ' '
   78: push ':'
   79: push '+'
   80: push ' '
   81: push '1'
   82: push '0'
   83: push ' '
   84: push 'b'
   85: push 'o'
   86: push 'r'
   87: push ' '
   88: push 'z'
   89: push ' '
   90: push '='
   91: push ' '
   92: push 16
   93: push 0
   94: push 0
   95: put
# test/bitwise.p, 15: 	putln(z);
   96: pushvar 0, 6
   97: eval 1
   98: push 1
   99: push 0
  100: push 0
  101: putln
# test/bitwise.p, 16: 
# test/bitwise.p, 17: 	z := x bxor y;
  102: pushvar 0, 6
  103: pushvar 0, 4
  104: eval 1
  105: pushvar 0, 5
  106: eval 1
  107: bitxor
  108: assign 1
# test/bitwise.p, 18: 	put("z := x bxor y = ");
  109: push 'z'
  110: push ' '
  111: push ':'
  112: push '='
  113: push ' '
  114: push 'x'
  115: push ' '
  116: push 'b'
  117: push 'x'
  118: push 'o'
  119: push 'r'
  120: push ' '
  121: push 'y'
  122: push ' '
  123: push '='
  124: push ' '
  125: push 16
  126: push 0
  127: push 0
  128: put
# test/bitwise.p, 19: 	putln(z);
  129: pushvar 0, 6
  130: eval 1
  131: push 1
  132: push 0
  133: push 0
  134: putln
# test/bitwise.p, 20: 
# test/bitwise.p, 21: 	z := bnot z;
  135: pushvar 0, 6
  136: pushvar 0, 6
  137: eval 1
  138: bitand
  139: assign 1
# test/bitwise.p, 22: 	put("bnot z = ");
  140: push 'b'
  141: push 'n'
  142: push 'o'
  143: push 't'
  144: push ' '
  145: push 'z'
  146: push ' '
  147: push '='
  148: push ' '
  149: push 9
  150: push 0
  151: push 0
  152: put
# test/bitwise.p, 23: 	putln(z);
  153: pushvar 0, 6
  154: eval 1
  155: push 1
  156: push 0
  157: push 0
  158: putln
# test/bitwise.p, 24: 
# test/bitwise.p, 25: 	z := x sleft y;
  159: pushvar 0, 6
  160: pushvar 0, 4
  161: eval 1
  162: pushvar 0, 5
  163: eval 1
  164: shiftl
  165: assign 1
# test/bitwise.p, 26: 	put("z := x sleft y = ");
  166: push 'z'
  167: push ' '
  168: push ':'
  169: push '='
  170: push ' '
  171: push 'x'
  172: push ' '
  173: push 's'
  174: push 'l'
  175: push 'e'
  176: push 'f'
  177: push 't'
  178: push ' '
  179: push 'y'
  180: push ' '
  181: push '='
  182: push ' '
  183: push 17
  184: push 0
  185: push 0
  186: put
# test/bitwise.p, 27: 	putln(z);
  187: pushvar 0, 6
  188: eval 1
  189: push 1
  190: push 0
  191: push 0
  192: putln
# test/bitwise.p, 28: 
# test/bitwise.p, 29: 	z := x sright y;
  193: pushvar 0, 6
  194: pushvar 0, 4
  195: eval 1
  196: pushvar 0, 5
  197: eval 1
  198: shiftr
  199: assign 1
# test/bitwise.p, 30: 	put("z := x sright y = ");
  200: push 'z'
  201: push ' '
  202: push ':'
  203: push '='
  204: push ' '
  205: push 'x'
  206: push ' '
  207: push 's'
  208: push 'r'
  209: push 'i'
  210: push 'g'
  211: push 'h'
  212: push 't'
  213: push ' '
  214: push 'y'
  215: push ' '
  216: push '='
  217: push ' '
  218: push 18
  219: push 0
  220: push 0
  221: put
# test/bitwise.p, 31: 	putln(z)
  222: pushvar 0, 6
  223: eval 1
  224: push 1
  225: push 0
  226: push 0
# test/bitwise.p, 32: endprog
  227: putln
# test/bitwise.p, 33: 
  228: ret 0

x = 15
y = 1
z := x band y = 1
z :+ 10 bor z = 11
z := x bxor y = 14
bnot z = -15
z := x sleft y = 30
z := x sright y = 7
