# test/character.p, 1: program CharTest ;
# test/character.p, 2: type
    0: push 0
    1: push 4
    2: call
    3: halt
# test/character.p, 3: 	A = array [0..9] of char;
# test/character.p, 4: 
# test/character.p, 5: var i : integer;
# test/character.p, 6: 	c : char;
# test/character.p, 7:  	a1 : A;
# test/character.p, 8:  	a2 : A;
# test/character.p, 9: 
# test/character.p, 10: begin
    4: enter 22
# test/character.p, 11: 	c := 'x';
    5: pushvar 0, 5
    6: push 'x'
    7: llimit 0
    8: ulimit 127
    9: assign 1
# test/character.p, 12: 	writeln(c);	
   10: pushvar 0, 5
   11: eval 1
   12: push 1
   13: push 0
   14: push 0
   15: push 1
   16: writeln
# test/character.p, 13: 	a1 := 'abcdefghij';		{	fill a1 with 'abcd...'			}
   17: pushvar 0, 6
   18: push 'a'
   19: push 'b'
   20: push 'c'
   21: push 'd'
   22: push 'e'
   23: push 'f'
   24: push 'g'
   25: push 'h'
   26: push 'i'
   27: push 'j'
   28: assign 10
# test/character.p, 14:  	writeln(a1);
   29: pushvar 0, 6
   30: eval 10
   31: push 10
   32: push 0
   33: push 0
   34: push 1
   35: writeln
# test/character.p, 15: 	a2 := a1;				{	copies the contents of a1 to a2	}
   36: pushvar 0, 16
   37: pushvar 0, 6
   38: eval 10
   39: assign 10
# test/character.p, 16: 	writeln(a2);
   40: pushvar 0, 16
   41: eval 10
   42: push 10
   43: push 0
   44: push 0
   45: push 1
   46: writeln
# test/character.p, 17: 	a1 := '0123456788';		{	fill a1 with '0123...'			}
   47: pushvar 0, 6
   48: push '0'
   49: push '1'
   50: push '2'
   51: push '3'
   52: push '4'
   53: push '5'
   54: push '6'
   55: push '7'
   56: push '8'
   57: push '8'
   58: assign 10
# test/character.p, 18: 	writeln(a1);			{	while a1 has changed...			}
   59: pushvar 0, 6
   60: eval 10
   61: push 10
   62: push 0
   63: push 0
   64: push 1
   65: writeln
# test/character.p, 19: 	writeln(a2)				{	... a2 has not!					}
   66: pushvar 0, 16
   67: eval 10
   68: push 10
   69: push 0
   70: push 0
# test/character.p, 20: 
# test/character.p, 21: end .
   71: push 1
   72: writeln
   73: ret

x
abcdefghij
abcdefghij
0123456788
abcdefghij
