# test/character.p, 1: program CharTest() is
# test/character.p, 2: type
    0: calli 0, 2
    1: halt
# test/character.p, 3: 	A is array [0..9] of character;
# test/character.p, 4: 
# test/character.p, 5: var i : integer;
# test/character.p, 6: 	c : character;
# test/character.p, 7:  	a1 : A;
# test/character.p, 8:  	a2 : A;
# test/character.p, 9: 
# test/character.p, 10: begin
    2: enter 22
# test/character.p, 11: 	c := 'x';
    3: pushvar 0, 5
    4: push 'x'
    5: llimit 0
    6: ulimit 127
    7: assign 1
# test/character.p, 12: 	writeln(c);	
    8: pushvar 0, 5
    9: eval 1
   10: push 1
   11: push 0
   12: push 0
   13: put
   14: push '
'
   15: push 1
   16: push 0
   17: push 0
   18: put
# test/character.p, 13: 	a1 := "abcdefghij";		{	fill a1 with "abcd..."			}
   19: pushvar 0, 6
   20: push 'a'
   21: push 'b'
   22: push 'c'
   23: push 'd'
   24: push 'e'
   25: push 'f'
   26: push 'g'
   27: push 'h'
   28: push 'i'
   29: push 'j'
   30: assign 10
# test/character.p, 14:  	writeln(a1);
   31: pushvar 0, 6
   32: eval 10
   33: push 10
   34: push 0
   35: push 0
   36: put
   37: push '
'
   38: push 1
   39: push 0
   40: push 0
   41: put
# test/character.p, 15: 	a2 := a1;				{	copies the contents of a1 to a2	}
   42: pushvar 0, 16
   43: pushvar 0, 6
   44: eval 10
   45: assign 10
# test/character.p, 16: 	writeln(a2);
   46: pushvar 0, 16
   47: eval 10
   48: push 10
   49: push 0
   50: push 0
   51: put
   52: push '
'
   53: push 1
   54: push 0
   55: push 0
   56: put
# test/character.p, 17: 	a1 := "0123456788";		{	fill a1 with "0123..."			}
   57: pushvar 0, 6
   58: push '0'
   59: push '1'
   60: push '2'
   61: push '3'
   62: push '4'
   63: push '5'
   64: push '6'
   65: push '7'
   66: push '8'
   67: push '8'
   68: assign 10
# test/character.p, 18: 	writeln(a1);			{	while a1 has changed...			}
   69: pushvar 0, 6
   70: eval 10
   71: push 10
   72: push 0
   73: push 0
   74: put
   75: push '
'
   76: push 1
   77: push 0
   78: push 0
   79: put
# test/character.p, 19: 	writeln(a2)				{	... a2 has not!					}
   80: pushvar 0, 16
   81: eval 10
   82: push 10
   83: push 0
   84: push 0
   85: put
# test/character.p, 20: endprog
   86: push '
'
   87: push 1
   88: push 0
   89: push 0
   90: put
# test/character.p, 21: 
   91: ret

x
abcdefghij
abcdefghij
0123456788
abcdefghij
