# test/comment.p, 1: { "main" starts here... }
# test/comment.p, 2: program comment ;
# test/comment.p, 3: const nFacts = 10;
    0: push 0
    1: push 4
    2: call
    3: halt
# test/comment.p, 4: var n, f : integer;	{ var z; parser doesn't see 'z' }
# test/comment.p, 5: begin
    4: enter 2
# test/comment.p, 6:    n := 0;
    5: pushvar 0, 4
    6: push 0
    7: assign 1
# test/comment.p, 7:    f := 1;
    8: pushvar 0, 5
    9: push 1
   10: assign 1
# test/comment.p, 8:    {	calculate factor (n)
# test/comment.p, 9: 		comment continued on this line... }
# test/comment.p, 10:    while n < nFacts do begin
   11: pushvar 0, 4
   12: eval 1
   13: push 10
   14: lt
   15: push 32
   16: jneq
# test/comment.p, 11:       n := n + 1;
   17: pushvar 0, 4
   18: pushvar 0, 4
   19: eval 1
   20: push 1
   21: add
   22: assign 1
# test/comment.p, 12:       f := f * n
   23: pushvar 0, 5
   24: pushvar 0, 5
   25: eval 1
# test/comment.p, 13:    end;
   26: pushvar 0, 4
   27: eval 1
   28: mul
   29: assign 1
   30: push 11
   31: jump
# test/comment.p, 14:    writeln(f);
   32: pushvar 0, 5
   33: eval 1
   34: push 1
   35: push 0
   36: push 0
   37: push 1
   38: writeln
# test/comment.p, 15: end.
   39: ret
# test/comment.p, 16: 
# test/comment.p, 17: {	unterminated comment, but we don't care as it follows the period!

3628800
