# test/comment.p, 1: { "main" starts here... }
# test/comment.p, 2: program comment()
# test/comment.p, 3: const nFacts = 10;
    0: calli 0, 2
    1: halt
# test/comment.p, 4: var n, f : integer;	{ var z; parser doesn't see 'z' }
# test/comment.p, 5: begin
    2: enter 2
# test/comment.p, 6:    n := 0;
    3: pushvar 0, 4
    4: push 0
    5: assign 1
# test/comment.p, 7:    f := 1;
    6: pushvar 0, 5
    7: push 1
    8: assign 1
# test/comment.p, 8:    {	calculate factor (n)
# test/comment.p, 9: 		comment continued on this line... }
# test/comment.p, 10:    while n < nFacts loop
    9: pushvar 0, 4
   10: eval 1
   11: push 10
   12: lt
   13: jneqi 28
# test/comment.p, 11:       n := n + 1;
   14: pushvar 0, 4
   15: pushvar 0, 4
   16: eval 1
   17: push 1
   18: add
   19: assign 1
# test/comment.p, 12:       f := f * n
   20: pushvar 0, 5
   21: pushvar 0, 5
   22: eval 1
# test/comment.p, 13:    endloop;
   23: pushvar 0, 4
   24: eval 1
   25: mul
   26: assign 1
   27: jumpi 9
# test/comment.p, 14:    writeln(f);
   28: pushvar 0, 5
   29: eval 1
   30: push 1
   31: push 0
   32: push 0
   33: push 1
   34: writeln
# test/comment.p, 15: end;
   35: ret
# test/comment.p, 16: 
# test/comment.p, 17: {	unterminated comment, but we don't care as it follows the period!

3628800
