# test/fahr3.p, 1: { print Fahrenheit-Celsius table	}
# test/fahr3.p, 2: {	third version; integers & reals	}
# test/fahr3.p, 3: 
# test/fahr3.p, 4: program fahr3() is
# test/fahr3.p, 5: const
    0: calli 0, 2
    1: halt
# test/fahr3.p, 6: 	LOWER =   0.0;	{	lower table limit	}
# test/fahr3.p, 7: 	UPPER = 300.0;	{	upper table limit	}
# test/fahr3.p, 8: 	STEP  =  20.0;	{	table step size		}
# test/fahr3.p, 9: 
# test/fahr3.p, 10: var
# test/fahr3.p, 11: 	fahr : real ; celsius : integer;
# test/fahr3.p, 12: 
# test/fahr3.p, 13: begin
    2: enter 2
# test/fahr3.p, 14: 	writeln("Fahrenheit Celsius");
    3: push 'F'
    4: push 'a'
    5: push 'h'
    6: push 'r'
    7: push 'e'
    8: push 'n'
    9: push 'h'
   10: push 'e'
   11: push 'i'
   12: push 't'
   13: push ' '
   14: push 'C'
   15: push 'e'
   16: push 'l'
   17: push 's'
   18: push 'i'
   19: push 'u'
   20: push 's'
   21: push 18
   22: push 0
   23: push 0
   24: put
   25: push '
'
   26: push 1
   27: push 0
   28: push 0
   29: put
# test/fahr3.p, 15: 
# test/fahr3.p, 16: 	fahr := LOWER;
   30: pushvar 0, 4
   31: push 0.000000
   32: assign 1
# test/fahr3.p, 17: 	while fahr <= UPPER loop
   33: pushvar 0, 4
   34: eval 1
   35: push 300.000000
   36: lte
   37: jneqi 73
# test/fahr3.p, 18: 		celsius := round(5.0 * (fahr-32.0) / 9.0);
   38: pushvar 0, 5
   39: push 5.000000
   40: pushvar 0, 4
   41: eval 1
   42: push 32.000000
   43: sub
   44: mul
   45: push 9.000000
   46: div
   47: round
   48: assign 1
# test/fahr3.p, 19: 		writeln(fahr : 8 : 1, celsius : 9 : 1);
   49: pushvar 0, 4
   50: eval 1
   51: push 1
   52: push 8
   53: push 1
   54: put
   55: pushvar 0, 5
   56: eval 1
   57: push 1
   58: push 9
   59: push 1
   60: put
   61: push '
'
   62: push 1
   63: push 0
   64: push 0
   65: put
# test/fahr3.p, 20: 		fahr := fahr + STEP;
   66: pushvar 0, 4
   67: pushvar 0, 4
   68: eval 1
   69: push 20.000000
   70: add
   71: assign 1
# test/fahr3.p, 21: 	endloop
# test/fahr3.p, 22: endprog
   72: jumpi 33
# test/fahr3.p, 23: 
   73: ret

Fahrenheit Celsius
     0.0      -18
    20.0       -7
    40.0        4
    60.0       16
    80.0       27
   100.0       38
   120.0       49
   140.0       60
   160.0       71
   180.0       82
   200.0       93
   220.0      104
   240.0      116
   260.0      127
   280.0      138
   300.0      149
