./pas: identifier previously defined 'fahr' near line 11
./pas: Can't assign to a procedure 'fahr' near line 14
./pas: Identifier is not a constant, variable or function 'fahr' near line 15
./pas: Identifier is not a constant, variable or function 'fahr' near line 16
./pas: Identifier is not a constant, variable or function 'fahr' near line 17
./pas: Can't assign to a procedure 'fahr' near line 17
# fahr.p, 2: { print Fahrenheit-Celsius table	}
# fahr.p, 3: {	first version; integers only	}
# fahr.p, 4: 
# fahr.p, 5: program fahr ;
# fahr.p, 6: const
    0: call 0, 2
    1: halt
# fahr.p, 7: 	LOWER :=   0;	{	lower table limit	}
# fahr.p, 8: 	UPPER := 300;	{	upper table limit	}
# fahr.p, 9: 	STEP  :=  20;	{	table step size		}
# fahr.p, 10: 
# fahr.p, 11: var
# fahr.p, 12: 	fahr, celsius : real;
# fahr.p, 13: 
# fahr.p, 14: begin
    2: enter 2
# fahr.p, 15: 	fahr := LOWER;
    3: push 0
# fahr.p, 16: 	while fahr <= UPPER do begin
    4: push 300
    5: lte
    6: jneq 20
# fahr.p, 17: 		celsius := 5.0 * (fahr-32.0) / 9.0;
    7: push 5.000000
    8: push 32.000000
    9: itor2
   10: sub
   11: itor
   12: mul
   13: push 9.000000
   14: div
   15: pushvar 0, 5
   16: assign
# fahr.p, 18: 		fahr := fahr + STEP;
   17: push 20
   18: add
# fahr.p, 19: 	end;
   19: jump 4
# fahr.p, 20:  end.
   20: ret

