# test/fahr3.p, 1: { print Fahrenheit-Celsius table	}
# test/fahr3.p, 2: {	third version; integers & reals	}
# test/fahr3.p, 3: 
# test/fahr3.p, 4: program fahr3() is
# test/fahr3.p, 5: const
    0: calli 0, 2
    1: halt
# test/fahr3.p, 6: 	LOWER =   0.0;	{	lower table limit	}
# test/fahr3.p, 7: 	UPPER = 300.0;	{	upper table limit	}
# test/fahr3.p, 8: 	STEP  =  20.0;	{	table step size		}
# test/fahr3.p, 9: 
# test/fahr3.p, 10: var
# test/fahr3.p, 11: 	fahr : real ; celsius : integer;
# test/fahr3.p, 12: 
# test/fahr3.p, 13: begin
    2: enter 2
# test/fahr3.p, 14: 	putln("Fahrenheit Celsius");
    3: push 'F'
    4: push 'a'
    5: push 'h'
    6: push 'r'
    7: push 'e'
    8: push 'n'
    9: push 'h'
   10: push 'e'
   11: push 'i'
   12: push 't'
   13: push ' '
   14: push 'C'
   15: push 'e'
   16: push 'l'
   17: push 's'
   18: push 'i'
   19: push 'u'
   20: push 's'
   21: push 18
   22: push 0
   23: push 0
   24: push 1
   25: putln
# test/fahr3.p, 15: 
# test/fahr3.p, 16: 	fahr := LOWER;
   26: pushvar 0, 4
   27: push 0.000000
   28: assign 1
# test/fahr3.p, 17: 	while fahr <= UPPER loop
   29: pushvar 0, 4
   30: eval 1
   31: push 300.000000
   32: lte
   33: jneqi 66
# test/fahr3.p, 18: 		celsius := round(5.0 * (fahr-32.0) / 9.0);
   34: pushvar 0, 5
   35: push 5.000000
   36: pushvar 0, 4
   37: eval 1
   38: push 32.000000
   39: sub
   40: mul
   41: push 9.000000
   42: div
   43: round
   44: assign 1
# test/fahr3.p, 19: 		put(fahr, 8, 1);
   45: pushvar 0, 4
   46: eval 1
   47: push 1
   48: push 8
   49: push 1
   50: push 1
   51: put
# test/fahr3.p, 20: 		putln(celsius, 9, 1);
   52: pushvar 0, 5
   53: eval 1
   54: push 1
   55: push 9
   56: push 1
   57: push 1
   58: putln
# test/fahr3.p, 21: 		fahr := fahr + STEP;
   59: pushvar 0, 4
   60: pushvar 0, 4
   61: eval 1
   62: push 20.000000
   63: add
   64: assign 1
# test/fahr3.p, 22: 	endloop
# test/fahr3.p, 23: endprog
   65: jumpi 29
# test/fahr3.p, 24: 
   66: ret 0

Fahrenheit Celsius
     0.0      -18
    20.0       -7
    40.0        4
    60.0       16
    80.0       27
   100.0       38
   120.0       49
   140.0       60
   160.0       71
   180.0       82
   200.0       93
   220.0      104
   240.0      116
   260.0      127
   280.0      138
   300.0      149
