# test/fahr2.p, 1: { print Fahrenheit-Celsius table	}
# test/fahr2.p, 2: {	first version; integers only	}
# test/fahr2.p, 3: 
# test/fahr2.p, 4: program fact2 ;
# test/fahr2.p, 5: const
    0: call 0, 2
    1: halt
# test/fahr2.p, 6: 	LOWER =   0.0;	{	lower table limit	}
# test/fahr2.p, 7: 	UPPER = 300.0;	{	upper table limit	}
# test/fahr2.p, 8: 	STEP  =  20.0;	{	table step size		}
# test/fahr2.p, 9: 
# test/fahr2.p, 10: var
# test/fahr2.p, 11: 	fahr, celsius : real;
# test/fahr2.p, 12: 
# test/fahr2.p, 13: begin
    2: enter 2
# test/fahr2.p, 14: 	fahr := LOWER;
    3: pushvar 0, 4
    4: push 0.000000
    5: assign 1
# test/fahr2.p, 15: 	while fahr <= UPPER do begin
    6: pushvar 0, 4
    7: eval 1
    8: push 300.000000
    9: lte
   10: jneq 38
# test/fahr2.p, 16: 		celsius := 5.0 * (fahr-32.0) / 9.0;
   11: pushvar 0, 5
   12: push 5.000000
   13: pushvar 0, 4
   14: eval 1
   15: push 32.000000
   16: sub
   17: mul
   18: push 9.000000
   19: div
   20: assign 1
# test/fahr2.p, 17: 		fahr := fahr + STEP;
   21: pushvar 0, 4
   22: pushvar 0, 4
   23: eval 1
   24: push 20.000000
   25: add
   26: assign 1
# test/fahr2.p, 18: 		writeln(fahr : 6 : 1, celsius : 6 : 1);
   27: pushvar 0, 4
   28: eval 1
   29: push 6
   30: push 1
   31: pushvar 0, 5
   32: eval 1
   33: push 6
   34: push 1
   35: push 2
   36: writeln
# test/fahr2.p, 19: 	end
# test/fahr2.p, 20:  end.
   37: jump 6
   38: ret

  20.0  -17.8
  40.0   -6.7
  60.0    4.4
  80.0   15.6
 100.0   26.7
 120.0   37.8
 140.0   48.9
 160.0   60.0
 180.0   71.1
 200.0   82.2
 220.0   93.3
 240.0  104.4
 260.0  115.6
 280.0  126.7
 300.0  137.8
 320.0  148.9
