# test/for.p, 1: { Simple for loop test	}
# test/for.p, 2: program ForTest() is
# test/for.p, 3: type R is 0..9;
    0: calli 0, 2
    1: halt
# test/for.p, 4: var i : R;
# test/for.p, 5: begin
    2: enter 1
# test/for.p, 6: 	putln("for i in 0..9...");
    3: push 'f'
    4: push 'o'
    5: push 'r'
    6: push ' '
    7: push 'i'
    8: push ' '
    9: push 'i'
   10: push 'n'
   11: push ' '
   12: push '0'
   13: push '.'
   14: push '.'
   15: push '9'
   16: push '.'
   17: push '.'
   18: push '.'
   19: push 16
   20: push 0
   21: push 0
   22: putln
# test/for.p, 7: 	for i in 0..9 loop
   23: pushvar 0, 4
   24: dup
   25: push 0
   26: assign 1
   27: dup
   28: eval 1
   29: push 9
   30: lte
   31: jneqi 45
# test/for.p, 8: 		putln(i)
   32: pushvar 0, 4
   33: eval 1
   34: push 1
   35: push 0
   36: push 0
# test/for.p, 9: 	endloop;
   37: putln
   38: dup
   39: dup
   40: eval 1
   41: push 1
   42: add
   43: assign 1
   44: jumpi 27
   45: pop 1
# test/for.p, 10: 
# test/for.p, 11: 	putln("for i in R...");
   46: push 'f'
   47: push 'o'
   48: push 'r'
   49: push ' '
   50: push 'i'
   51: push ' '
   52: push 'i'
   53: push 'n'
   54: push ' '
   55: push 'R'
   56: push '.'
   57: push '.'
   58: push '.'
   59: push 13
   60: push 0
   61: push 0
   62: putln
# test/for.p, 12: 	for i in R loop
   63: pushvar 0, 4
   64: dup
   65: push 0
   66: assign 1
   67: dup
   68: eval 1
   69: push 9
   70: lte
   71: jneqi 85
# test/for.p, 13: 		putln(i)
   72: pushvar 0, 4
   73: eval 1
   74: push 1
   75: push 0
   76: push 0
# test/for.p, 14: 	endloop
   77: putln
# test/for.p, 15: endprog
   78: dup
   79: dup
   80: eval 1
   81: push 1
   82: add
   83: assign 1
   84: jumpi 67
   85: pop 1
# test/for.p, 16: 
   86: ret

for i in 0..9...
0
1
2
3
4
5
6
7
8
9
for i in R...
0
1
2
3
4
5
6
7
8
9
