# test/for.p, 1: { Simple for loop test	}
# test/for.p, 2: program ForTest() is
# test/for.p, 3: type R is 0..9;
    0: calli 0, 2
    1: halt
# test/for.p, 4: var i : R;
# test/for.p, 5: begin
    2: enter 1
# test/for.p, 6: 	putln("for i in 0..9...");
    3: push 'f'
    4: push 'o'
    5: push 'r'
    6: push ' '
    7: push 'i'
    8: push ' '
    9: push 'i'
   10: push 'n'
   11: push ' '
   12: push '0'
   13: push '.'
   14: push '.'
   15: push '9'
   16: push '.'
   17: push '.'
   18: push '.'
   19: push 16
   20: push 0
   21: push 0
   22: push 1
   23: putln
# test/for.p, 7: 	for i in 0..9 loop
   24: pushvar 0, 4
   25: dup
   26: push 0
   27: assign 1
   28: dup
   29: eval 1
   30: push 9
   31: lte
   32: jneqi 47
# test/for.p, 8: 		putln(i)
   33: pushvar 0, 4
   34: eval 1
   35: push 1
   36: push 0
   37: push 0
# test/for.p, 9: 	endloop;
   38: push 1
   39: putln
   40: dup
   41: dup
   42: eval 1
   43: push 1
   44: add
   45: assign 1
   46: jumpi 28
   47: pop 1
# test/for.p, 10: 
# test/for.p, 11: 	putln("for i in R...");
   48: push 'f'
   49: push 'o'
   50: push 'r'
   51: push ' '
   52: push 'i'
   53: push ' '
   54: push 'i'
   55: push 'n'
   56: push ' '
   57: push 'R'
   58: push '.'
   59: push '.'
   60: push '.'
   61: push 13
   62: push 0
   63: push 0
   64: push 1
   65: putln
# test/for.p, 12: 	for i in R loop
   66: pushvar 0, 4
   67: dup
   68: push 0
   69: assign 1
   70: dup
   71: eval 1
   72: push 9
   73: lte
   74: jneqi 89
# test/for.p, 13: 		putln(i)
   75: pushvar 0, 4
   76: eval 1
   77: push 1
   78: push 0
   79: push 0
# test/for.p, 14: 	endloop
   80: push 1
   81: putln
# test/for.p, 15: endprog
   82: dup
   83: dup
   84: eval 1
   85: push 1
   86: add
   87: assign 1
   88: jumpi 70
   89: pop 1
# test/for.p, 16: 
   90: ret 0

for i in 0..9...
0
1
2
3
4
5
6
7
8
9
for i in R...
0
1
2
3
4
5
6
7
8
9
