# test/ifelse.p, 1: program IfElseTest() is
# test/ifelse.p, 2: var i : integer;
    0: calli 0, 2
    1: halt
# test/ifelse.p, 3: begin
    2: enter 1
# test/ifelse.p, 4: 	i := 10;
    3: pushvar 0, 4
    4: push 10
    5: assign 1
# test/ifelse.p, 5: 	if i > 10 then
    6: pushvar 0, 4
    7: eval 1
    8: push 10
    9: gt
   10: jneqi 44
# test/ifelse.p, 6: 		put_line("i is greater than 10");
   11: push 'i'
   12: push ' '
   13: push 'i'
   14: push 's'
   15: push ' '
   16: push 'g'
   17: push 'r'
   18: push 'e'
   19: push 'a'
   20: push 't'
   21: push 'e'
   22: push 'r'
   23: push ' '
   24: push 't'
   25: push 'h'
   26: push 'a'
   27: push 'n'
   28: push ' '
   29: push '1'
   30: push '0'
   31: push 20
   32: push 0
   33: push 0
   34: put
   35: push '
'
   36: push 1
   37: push 0
   38: push 0
   39: put
# test/ifelse.p, 7: 		i := 1
   40: pushvar 0, 4
   41: push 1
# test/ifelse.p, 8: 	else
   42: assign 1
# test/ifelse.p, 9: 		put_line("i is <= 10");
   43: jumpi 66
   44: push 'i'
   45: push ' '
   46: push 'i'
   47: push 's'
   48: push ' '
   49: push '<'
   50: push '='
   51: push ' '
   52: push '1'
   53: push '0'
   54: push 10
   55: push 0
   56: push 0
   57: put
   58: push '
'
   59: push 1
   60: push 0
   61: push 0
   62: put
# test/ifelse.p, 10: 		i := 3
   63: pushvar 0, 4
   64: push 3
# test/ifelse.p, 11: 	endif;
   65: assign 1
# test/ifelse.p, 12: 
# test/ifelse.p, 13: 	put("i is ");
   66: push 'i'
   67: push ' '
   68: push 'i'
   69: push 's'
   70: push ' '
   71: push 5
   72: push 0
   73: push 0
   74: put
# test/ifelse.p, 14: 	put_line(i)
   75: pushvar 0, 4
   76: eval 1
   77: push 1
   78: push 0
   79: push 0
   80: put
# test/ifelse.p, 15: endprog
   81: push '
'
   82: push 1
   83: push 0
   84: push 0
   85: put
# test/ifelse.p, 16: 
# test/ifelse.p, 17: 
   86: ret

i is <= 10
i is 3
