# test/ifelifelse.p, 1: program IfElifElseTest() is
# test/ifelifelse.p, 2: var i : integer;
    0: calli 0, 2
    1: halt
# test/ifelifelse.p, 3: begin
    2: enter 1
# test/ifelifelse.p, 4: 	i := 10;
    3: pushvar 0, 4
    4: push 10
    5: assign 1
# test/ifelifelse.p, 5: 	if i > 10 then
    6: pushvar 0, 4
    7: eval 1
    8: push 10
    9: gt
   10: jneqi 44
# test/ifelifelse.p, 6: 		put_line("i is greater than 10");
   11: push 'i'
   12: push ' '
   13: push 'i'
   14: push 's'
   15: push ' '
   16: push 'g'
   17: push 'r'
   18: push 'e'
   19: push 'a'
   20: push 't'
   21: push 'e'
   22: push 'r'
   23: push ' '
   24: push 't'
   25: push 'h'
   26: push 'a'
   27: push 'n'
   28: push ' '
   29: push '1'
   30: push '0'
   31: push 20
   32: push 0
   33: push 0
   34: put
   35: push '
'
   36: push 1
   37: push 0
   38: push 0
   39: put
# test/ifelifelse.p, 7: 		i := 1
   40: pushvar 0, 4
   41: push 1
# test/ifelifelse.p, 8: 	elif i < 0 then
   42: assign 1
   43: jumpi 129
   44: pushvar 0, 4
   45: eval 1
   46: push 0
   47: lt
   48: jneqi 78
# test/ifelifelse.p, 9: 		put_line("i is less than 0");
   49: push 'i'
   50: push ' '
   51: push 'i'
   52: push 's'
   53: push ' '
   54: push 'l'
   55: push 'e'
   56: push 's'
   57: push 's'
   58: push ' '
   59: push 't'
   60: push 'h'
   61: push 'a'
   62: push 'n'
   63: push ' '
   64: push '0'
   65: push 16
   66: push 0
   67: push 0
   68: put
   69: push '
'
   70: push 1
   71: push 0
   72: push 0
   73: put
# test/ifelifelse.p, 10: 		i := 2
   74: pushvar 0, 4
   75: push 2
# test/ifelifelse.p, 11: 	else
   76: assign 1
# test/ifelifelse.p, 12: 		put("i is between 1 and 10, inclusive ");
   77: jumpi 129
   78: push 'i'
   79: push ' '
   80: push 'i'
   81: push 's'
   82: push ' '
   83: push 'b'
   84: push 'e'
   85: push 't'
   86: push 'w'
   87: push 'e'
   88: push 'e'
   89: push 'n'
   90: push ' '
   91: push '1'
   92: push ' '
   93: push 'a'
   94: push 'n'
   95: push 'd'
   96: push ' '
   97: push '1'
   98: push '0'
   99: push ','
  100: push ' '
  101: push 'i'
  102: push 'n'
  103: push 'c'
  104: push 'l'
  105: push 'u'
  106: push 's'
  107: push 'i'
  108: push 'v'
  109: push 'e'
  110: push ' '
  111: push 33
  112: push 0
  113: push 0
  114: put
# test/ifelifelse.p, 13: 		put_line(i);
  115: pushvar 0, 4
  116: eval 1
  117: push 1
  118: push 0
  119: push 0
  120: put
  121: push '
'
  122: push 1
  123: push 0
  124: push 0
  125: put
# test/ifelifelse.p, 14: 		i := 3
  126: pushvar 0, 4
  127: push 3
# test/ifelifelse.p, 15: 	endif;
  128: assign 1
# test/ifelifelse.p, 16: 
# test/ifelifelse.p, 17: 	put("i is ");
  129: push 'i'
  130: push ' '
  131: push 'i'
  132: push 's'
  133: push ' '
  134: push 5
  135: push 0
  136: push 0
  137: put
# test/ifelifelse.p, 18: 	put_line(i)
  138: pushvar 0, 4
  139: eval 1
  140: push 1
  141: push 0
  142: push 0
  143: put
# test/ifelifelse.p, 19: endprog
  144: push '
'
  145: push 1
  146: push 0
  147: push 0
  148: put
# test/ifelifelse.p, 20: 
# test/ifelifelse.p, 21: 
  149: ret

i is between 1 and 10, inclusive 10
i is 3
