# test/natural.p, 1: program Natural() is
# test/natural.p, 2: var	n : natural;
    0: calli 0, 2
    1: halt
# test/natural.p, 3: begin
    2: enter 1
# test/natural.p, 4: 	n := 0;
    3: pushvar 0, 4
    4: push 0
    5: llimit 0
    6: ulimit 2147483647
    7: assign 1
# test/natural.p, 5: 	put_line(n);
    8: pushvar 0, 4
    9: eval 1
   10: push 1
   11: push 0
   12: push 0
   13: put_line
# test/natural.p, 6: 	n := 1;
   14: pushvar 0, 4
   15: push 1
   16: llimit 0
   17: ulimit 2147483647
   18: assign 1
# test/natural.p, 7: 	put_line(n);
   19: pushvar 0, 4
   20: eval 1
   21: push 1
   22: push 0
   23: push 0
   24: put_line
# test/natural.p, 8: 	n := -1;
   25: pushvar 0, 4
   26: push 1
   27: neg
   28: llimit 0
   29: ulimit 2147483647
   30: assign 1
# test/natural.p, 9: 	put_line(n)
   31: pushvar 0, 4
   32: eval 1
   33: push 1
   34: push 0
   35: push 0
# test/natural.p, 10: endprog
   36: put_line
# test/natural.p, 11: 
   37: ret 0

0
1
runtime error @pc 28, sp: 10: out-of-range
