# test/rcrdtest.p, 1: { Test records }
# test/rcrdtest.p, 2: program RecordTests() is
# test/rcrdtest.p, 3: type
    0: calli 0, 2
    1: halt
# test/rcrdtest.p, 4: 	R is record 
# test/rcrdtest.p, 5: 		i1, i2 : integer;
# test/rcrdtest.p, 6: 		r : real
# test/rcrdtest.p, 7: 	end;
# test/rcrdtest.p, 8: 	R2 is record
# test/rcrdtest.p, 9: 		i1, i2 : integer;
# test/rcrdtest.p, 10: 		r : real
# test/rcrdtest.p, 11: 	end;
# test/rcrdtest.p, 12: 
# test/rcrdtest.p, 13: var
# test/rcrdtest.p, 14: 	x : R;
# test/rcrdtest.p, 15: 	y : R2;
# test/rcrdtest.p, 16: 	z : record
# test/rcrdtest.p, 17: 		i1, i2 : integer;
# test/rcrdtest.p, 18: 		r : real
# test/rcrdtest.p, 19: 	end;
# test/rcrdtest.p, 20: 
# test/rcrdtest.p, 21: begin
    2: enter 9
# test/rcrdtest.p, 22: 	x.i1 := 1;
    3: pushvar 0, 4
    4: push 1
    5: assign 1
# test/rcrdtest.p, 23: 	x.i2 := 2;
    6: pushvar 0, 4
    7: push 1
    8: add
    9: push 2
   10: assign 1
# test/rcrdtest.p, 24: 	x.r := 3.0;
   11: pushvar 0, 4
   12: push 2
   13: add
   14: push 3.000000
   15: assign 1
# test/rcrdtest.p, 25: 	put(x.i1);
   16: pushvar 0, 4
   17: eval 1
   18: push 1
   19: push 0
   20: push 0
   21: push 1
   22: put
# test/rcrdtest.p, 26: 	put(x.i2);
   23: pushvar 0, 4
   24: push 1
   25: add
   26: eval 1
   27: push 1
   28: push 0
   29: push 0
   30: push 1
   31: put
# test/rcrdtest.p, 27: 	putln(x.r, 8, 6);
   32: pushvar 0, 4
   33: push 2
   34: add
   35: eval 1
   36: push 1
   37: push 8
   38: push 6
   39: push 1
   40: putln
# test/rcrdtest.p, 28: 
# test/rcrdtest.p, 29: 	y.i1 := 4;
   41: pushvar 0, 7
   42: push 4
   43: assign 1
# test/rcrdtest.p, 30: 	y.i2 := 5;
   44: pushvar 0, 7
   45: push 1
   46: add
   47: push 5
   48: assign 1
# test/rcrdtest.p, 31: 	y.r := 6.0;
   49: pushvar 0, 7
   50: push 2
   51: add
   52: push 6.000000
   53: assign 1
# test/rcrdtest.p, 32: 	put(x.i1);
   54: pushvar 0, 4
   55: eval 1
   56: push 1
   57: push 0
   58: push 0
   59: push 1
   60: put
# test/rcrdtest.p, 33: 	put(x.i2);
   61: pushvar 0, 4
   62: push 1
   63: add
   64: eval 1
   65: push 1
   66: push 0
   67: push 0
   68: push 1
   69: put
# test/rcrdtest.p, 34: 	putln(x.r, 8, 6);
   70: pushvar 0, 4
   71: push 2
   72: add
   73: eval 1
   74: push 1
   75: push 8
   76: push 6
   77: push 1
   78: putln
# test/rcrdtest.p, 35: 
# test/rcrdtest.p, 36: 	z.i1 := 7;
   79: pushvar 0, 10
   80: push 7
   81: assign 1
# test/rcrdtest.p, 37: 	z.i2 := 8;
   82: pushvar 0, 10
   83: push 1
   84: add
   85: push 8
   86: assign 1
# test/rcrdtest.p, 38: 	z.r := 9.0;
   87: pushvar 0, 10
   88: push 2
   89: add
   90: push 9.000000
   91: assign 1
# test/rcrdtest.p, 39: 	put(x.i1);
   92: pushvar 0, 4
   93: eval 1
   94: push 1
   95: push 0
   96: push 0
   97: push 1
   98: put
# test/rcrdtest.p, 40: 	put(x.i2);
   99: pushvar 0, 4
  100: push 1
  101: add
  102: eval 1
  103: push 1
  104: push 0
  105: push 0
  106: push 1
  107: put
# test/rcrdtest.p, 41: 	putln(x.r, 8, 6)
  108: pushvar 0, 4
  109: push 2
  110: add
  111: eval 1
  112: push 1
  113: push 8
  114: push 6
# test/rcrdtest.p, 42: endprog
  115: push 1
  116: putln
# test/rcrdtest.p, 43: 
  117: ret 0

123.000000
123.000000
123.000000
