# test/rcrdtest.p, 1: { Test records }
# test/rcrdtest.p, 2: program RecordTests() is
# test/rcrdtest.p, 3: type
    0: calli 0, 2
    1: halt
# test/rcrdtest.p, 4: 	R is record 
# test/rcrdtest.p, 5: 		i1, i2 : integer;
# test/rcrdtest.p, 6: 		r : real
# test/rcrdtest.p, 7: 	end;
# test/rcrdtest.p, 8: 	R2 is record
# test/rcrdtest.p, 9: 		i1, i2 : integer;
# test/rcrdtest.p, 10: 		r : real
# test/rcrdtest.p, 11: 	end;
# test/rcrdtest.p, 12: 
# test/rcrdtest.p, 13: var
# test/rcrdtest.p, 14: 	x : R;
# test/rcrdtest.p, 15: 	y : R2;
# test/rcrdtest.p, 16: 	z : record
# test/rcrdtest.p, 17: 		i1, i2 : integer;
# test/rcrdtest.p, 18: 		r : real
# test/rcrdtest.p, 19: 	end;
# test/rcrdtest.p, 20: 
# test/rcrdtest.p, 21: begin
    2: enter 9
# test/rcrdtest.p, 22: 	x.i1 := 1;
    3: pushvar 0, 4
    4: push 1
    5: assign 1
# test/rcrdtest.p, 23: 	x.i2 := 2;
    6: pushvar 0, 4
    7: push 1
    8: add
    9: push 2
   10: assign 1
# test/rcrdtest.p, 24: 	x.r := 3.0;
   11: pushvar 0, 4
   12: push 2
   13: add
   14: push 3.000000
   15: assign 1
# test/rcrdtest.p, 25: 	writeln(x.i1, x.i2, x.r : 8 : 6);
   16: pushvar 0, 4
   17: eval 1
   18: push 1
   19: push 0
   20: push 0
   21: put
   22: pushvar 0, 4
   23: push 1
   24: add
   25: eval 1
   26: push 1
   27: push 0
   28: push 0
   29: put
   30: pushvar 0, 4
   31: push 2
   32: add
   33: eval 1
   34: push 1
   35: push 8
   36: push 6
   37: put
   38: push '
'
   39: push 1
   40: push 0
   41: push 0
   42: put
# test/rcrdtest.p, 26: 
# test/rcrdtest.p, 27: 	y.i1 := 4;
   43: pushvar 0, 7
   44: push 4
   45: assign 1
# test/rcrdtest.p, 28: 	y.i2 := 5;
   46: pushvar 0, 7
   47: push 1
   48: add
   49: push 5
   50: assign 1
# test/rcrdtest.p, 29: 	y.r := 6.0;
   51: pushvar 0, 7
   52: push 2
   53: add
   54: push 6.000000
   55: assign 1
# test/rcrdtest.p, 30: 	writeln(x.i1, x.i2, x.r : 8 : 6);
   56: pushvar 0, 4
   57: eval 1
   58: push 1
   59: push 0
   60: push 0
   61: put
   62: pushvar 0, 4
   63: push 1
   64: add
   65: eval 1
   66: push 1
   67: push 0
   68: push 0
   69: put
   70: pushvar 0, 4
   71: push 2
   72: add
   73: eval 1
   74: push 1
   75: push 8
   76: push 6
   77: put
   78: push '
'
   79: push 1
   80: push 0
   81: push 0
   82: put
# test/rcrdtest.p, 31: 
# test/rcrdtest.p, 32: 	z.i1 := 7;
   83: pushvar 0, 10
   84: push 7
   85: assign 1
# test/rcrdtest.p, 33: 	z.i2 := 8;
   86: pushvar 0, 10
   87: push 1
   88: add
   89: push 8
   90: assign 1
# test/rcrdtest.p, 34: 	z.r := 9.0;
   91: pushvar 0, 10
   92: push 2
   93: add
   94: push 9.000000
   95: assign 1
# test/rcrdtest.p, 35: 	writeln(x.i1, x.i2, x.r : 8 : 6)
   96: pushvar 0, 4
   97: eval 1
   98: push 1
   99: push 0
  100: push 0
  101: put
  102: pushvar 0, 4
  103: push 1
  104: add
  105: eval 1
  106: push 1
  107: push 0
  108: push 0
  109: put
  110: pushvar 0, 4
  111: push 2
  112: add
  113: eval 1
  114: push 1
  115: push 8
  116: push 6
  117: put
# test/rcrdtest.p, 36: endprog
  118: push '
'
  119: push 1
  120: push 0
  121: push 0
  122: put
# test/rcrdtest.p, 37: 
  123: ret

123.000000
123.000000
123.000000
