# test/repeatst.p, 1: { Calculate 11 (0..10) factorials
# test/repeatst.p, 2: {	 n		    n!	}
# test/repeatst.p, 3: {  ---  ---------	}
# test/repeatst.p, 4: {	 0		    0	}
# test/repeatst.p, 5: {	 1		    1	}
# test/repeatst.p, 6: {	 2		    2	}
# test/repeatst.p, 7: {	 3		    6	}
# test/repeatst.p, 8: {	...				}
# test/repeatst.p, 9: {	 9	  362,880	}
# test/repeatst.p, 10: {	10	3,628,800	}
# test/repeatst.p, 11: 
# test/repeatst.p, 12: program repeatst() is
# test/repeatst.p, 13: var n, f : integer;
    0: calli 0, 2
    1: halt
# test/repeatst.p, 14: begin
    2: enter 2
# test/repeatst.p, 15: 	n := 0;
    3: pushvar 0, 4
    4: push 0
    5: assign 1
# test/repeatst.p, 16: 	f := 1;
    6: pushvar 0, 5
    7: push 1
    8: assign 1
# test/repeatst.p, 17: 	repeat
# test/repeatst.p, 18: 		n := n + 1;
    9: pushvar 0, 4
   10: pushvar 0, 4
   11: eval 1
   12: push 1
   13: add
   14: assign 1
# test/repeatst.p, 19: 		f := f * n;
   15: pushvar 0, 5
   16: pushvar 0, 5
   17: eval 1
   18: pushvar 0, 4
   19: eval 1
   20: mul
   21: assign 1
# test/repeatst.p, 20: 		putln(f, 8, 6)
   22: pushvar 0, 5
   23: eval 1
   24: push 1
   25: push 8
   26: push 6
# test/repeatst.p, 21: 	until n >= 10 endloop
   27: putln
   28: pushvar 0, 4
   29: eval 1
   30: push 10
   31: gte
   32: jneqi 9
# test/repeatst.p, 22: endprog
# test/repeatst.p, 23: 
   33: ret

       1
       2
       6
      24
     120
     720
    5040
   40320
  362880
 3628800
