# test/str.p, 1: program StringTest() is
# test/str.p, 2: type
    0: calli 0, 2
    1: halt
# test/str.p, 3: 	A is array [0..9] of character;
# test/str.p, 4: 
# test/str.p, 5: var
# test/str.p, 6:  	a1 : A;
# test/str.p, 7:  	a2 : A;
# test/str.p, 8: 	i : integer;
# test/str.p, 9: 
# test/str.p, 10: begin
    2: enter 21
# test/str.p, 11: 	a1 := "abcdefghij";		{	fill a1 with "abcd..."			}
    3: pushvar 0, 4
    4: push 'a'
    5: push 'b'
    6: push 'c'
    7: push 'd'
    8: push 'e'
    9: push 'f'
   10: push 'g'
   11: push 'h'
   12: push 'i'
   13: push 'j'
   14: assign 10
# test/str.p, 12: 	a2 := a1; 				{	copies the contents of a1 to a2	}
   15: pushvar 0, 14
   16: pushvar 0, 4
   17: eval 10
   18: assign 10
# test/str.p, 13: 
# test/str.p, 14: 	putln("for i in 0..9...");
   19: push 'f'
   20: push 'o'
   21: push 'r'
   22: push ' '
   23: push 'i'
   24: push ' '
   25: push 'i'
   26: push 'n'
   27: push ' '
   28: push '0'
   29: push '.'
   30: push '.'
   31: push '9'
   32: push '.'
   33: push '.'
   34: push '.'
   35: push 16
   36: push 0
   37: push 0
   38: push 1
   39: putln
# test/str.p, 15: 	for i in 0..9 loop putln(a2[i]) endloop;
   40: pushvar 0, 24
   41: dup
   42: push 0
   43: assign 1
   44: dup
   45: eval 1
   46: push 9
   47: lte
   48: jneqi 68
   49: pushvar 0, 14
   50: pushvar 0, 24
   51: eval 1
   52: llimit 0
   53: ulimit 9
   54: add
   55: eval 1
   56: push 1
   57: push 0
   58: push 0
   59: push 1
   60: putln
   61: dup
   62: dup
   63: eval 1
   64: push 1
   65: add
   66: assign 1
   67: jumpi 44
   68: pop 1
# test/str.p, 16: 
# test/str.p, 17: 	putln("for i in A...");
   69: push 'f'
   70: push 'o'
   71: push 'r'
   72: push ' '
   73: push 'i'
   74: push ' '
   75: push 'i'
   76: push 'n'
   77: push ' '
   78: push 'A'
   79: push '.'
   80: push '.'
   81: push '.'
   82: push 13
   83: push 0
   84: push 0
   85: push 1
   86: putln
# test/str.p, 18: 	for i in A loop putln(a1[i]) endloop	{	;
   87: pushvar 0, 24
   88: dup
   89: push 0
   90: assign 1
   91: dup
   92: eval 1
   93: push 9
   94: lte
   95: jneqi 115
   96: pushvar 0, 4
   97: pushvar 0, 24
   98: eval 1
   99: llimit 0
  100: ulimit 9
  101: add
  102: eval 1
  103: push 1
  104: push 0
  105: push 0
  106: push 1
  107: putln
# test/str.p, 19: 
# test/str.p, 20: 	putln("for i in a1...");
# test/str.p, 21: 	for i in a1 loop putln(a1[i]) endloop	}
# test/str.p, 22: endprog
  108: dup
  109: dup
  110: eval 1
  111: push 1
  112: add
  113: assign 1
  114: jumpi 91
  115: pop 1
# test/str.p, 23: 
  116: ret 0

for i in 0..9...
a
b
c
d
e
f
g
h
i
j
for i in A...
a
b
c
d
e
f
g
h
i
j
