# test/testif.p, 1: program testif ;
# test/testif.p, 2: var x, y, z : Integer;
    0: call 0, 2
    1: halt
# test/testif.p, 3: begin
    2: enter 3
# test/testif.p, 4: 	x := 1;
    3: pushvar 0, 4
    4: push 1
    5: assign
# test/testif.p, 5: 	y := 2;
    6: pushvar 0, 5
    7: push 2
    8: assign
# test/testif.p, 6: 	z := 3;
    9: pushvar 0, 6
   10: push 3
   11: assign
# test/testif.p, 7: 	{ set x to 2	}
# test/testif.p, 8: 	if x = 1 then x := y else x := z;
   12: pushvar 0, 4
   13: eval
   14: push 1
   15: equ
   16: jneq 22
   17: pushvar 0, 4
   18: pushvar 0, 5
   19: eval
   20: assign
   21: jump 26
   22: pushvar 0, 4
   23: pushvar 0, 6
   24: eval
   25: assign
# test/testif.p, 9: 	{ set x to  3	}
# test/testif.p, 10: 	if x = y then x := z else x := y
   26: pushvar 0, 4
   27: eval
   28: pushvar 0, 5
   29: eval
   30: equ
   31: jneq 37
   32: pushvar 0, 4
   33: pushvar 0, 6
   34: eval
   35: assign
   36: jump 41
   37: pushvar 0, 4
# test/testif.p, 11: end.
   38: pushvar 0, 5
   39: eval
   40: assign
   41: ret
# test/testif.p, 12: 

        8:          1
        9:          2
       10:          3
        8:          2
        8:          3
