# test.p, 2: { Calculate 11 (0..10) factorials
# test.p, 3: {	 n		    n!	}
# test.p, 4: {  ---  ---------	}
# test.p, 5: {	 0		    0	}
# test.p, 6: {	 1		    1	}
# test.p, 7: {	 2		    2	}
# test.p, 8: {	 3		    6	}
# test.p, 9: {	...				}
# test.p, 10: {	 9	  362,880	}
# test.p, 11: {	10	3,628,800	}
# test.p, 12: const nFacts = 10;
    0: call 0, 2
    1: halt
# test.p, 13: var n, f : integer;	
# test.p, 14: begin
    2: enter 2
# test.p, 15:    n = 0;
    3: push.i 0
    4: pushVar 0, 4
    5: assign
# test.p, 16:    f = 1;
    6: push.i 1
    7: pushVar 0, 5
    8: assign
# test.p, 17:    while n < nFacts do begin
    9: pushVar 0, 4
   10: eval
   11: push.i 10
   12: lt.i
   13: jneq 28
# test.p, 18:       n = n + 1;
   14: pushVar 0, 4
   15: eval
   16: push.i 1
   17: add.i
   18: pushVar 0, 4
   19: assign
# test.p, 19:       f = f * n
   20: pushVar 0, 5
   21: eval
# test.p, 20:    end
   22: pushVar 0, 4
   23: eval
   24: mul.i
   25: pushVar 0, 5
   26: assign
# test.p, 21: end.
   27: jump 9
   28: ret
#test.p, 21: 

        8:          0
        9:          1
        8:          1
        9:          1
        8:          2
        9:          2
        8:          3
        9:          6
        8:          4
        9:         24
        8:          5
        9:        120
        8:          6
        9:        720
        8:          7
        9:       5040
        8:          8
        9:      40320
        8:          9
        9:     362880
        8:         10
        9:    3628800
