# test.p, 2: { Calculate 11 (0..10) factorials
# test.p, 3: {	 n		    n!	}
# test.p, 4: {  ---  ---------	}
# test.p, 5: {	 0		    0	}
# test.p, 6: {	 1		    1	}
# test.p, 7: {	 2		    2	}
# test.p, 8: {	 3		    6	}
# test.p, 9: {	...				}
# test.p, 10: {	 9	  362,880	}
# test.p, 11: {	10	3,628,800	}
# test.p, 12: program test ;
# test.p, 13: const nFacts := 10;
    0: call 0, 2
    1: halt
# test.p, 14: var n, f : integer;	
# test.p, 15: begin
    2: enter 2
# test.p, 16:    n := 0;
    3: push 0
    4: pushvar 0, 4
    5: assign
# test.p, 17:    f := 1;
    6: push 1
    7: pushvar 0, 5
    8: assign
# test.p, 18:    while n < nFacts do begin
    9: pushvar 0, 4
   10: eval
   11: push 10
   12: lt
   13: jneq 28
# test.p, 19:       n := n + 1;
   14: pushvar 0, 4
   15: eval
   16: push 1
   17: add
   18: pushvar 0, 4
   19: assign
# test.p, 20:       f := f * n
   20: pushvar 0, 5
   21: eval
# test.p, 21:    end
   22: pushvar 0, 4
   23: eval
   24: mul
   25: pushvar 0, 5
   26: assign
# test.p, 22: end.
   27: jump 9
   28: ret
#test.p, 22: 

        8:          0
        9:          1
        8:          1
        9:          1
        8:          2
        9:          2
        8:          3
        9:          6
        8:          4
        9:         24
        8:          5
        9:        120
        8:          6
        9:        720
        8:          7
        9:       5040
        8:          8
        9:      40320
        8:          9
        9:     362880
        8:         10
        9:    3628800
