# test/test.p, 1: { Calculate 11 (0..10) factorials
# test/test.p, 2: {	 n		    n!	}
# test/test.p, 3: {  ---  ---------	}
# test/test.p, 4: {	 0		    0	}
# test/test.p, 5: {	 1		    1	}
# test/test.p, 6: {	 2		    2	}
# test/test.p, 7: {	 3		    6	}
# test/test.p, 8: {	...				}
# test/test.p, 9: {	 9	  362,880	}
# test/test.p, 10: {	10	3,628,800	}
# test/test.p, 11: program test ;
# test/test.p, 12: const nFacts = 10;
    0: call 0, 2
    1: halt
# test/test.p, 13: var n, f : integer;	
# test/test.p, 14: begin
    2: enter 2
# test/test.p, 15:    n := 0;
    3: pushvar 0, 4
    4: push 0
    5: assign 1
# test/test.p, 16:    f := 1;
    6: pushvar 0, 5
    7: push 1
    8: assign 1
# test/test.p, 17:    while n < nFacts do begin
    9: pushvar 0, 4
   10: eval 1
   11: push 10
   12: lt
   13: jneq 28
# test/test.p, 18:       n := n + 1;
   14: pushvar 0, 4
   15: pushvar 0, 4
   16: eval 1
   17: push 1
   18: add
   19: assign 1
# test/test.p, 19:       f := f * n
   20: pushvar 0, 5
   21: pushvar 0, 5
   22: eval 1
# test/test.p, 20:    end
   23: pushvar 0, 4
   24: eval 1
   25: mul
   26: assign 1
# test/test.p, 21: end.
   27: jump 9
   28: ret
# test/test.p, 22: 

        8:          0
        9:          1
        8:          1
        9:          1
        8:          2
        9:          2
        8:          3
        9:          6
        8:          4
        9:         24
        8:          5
        9:        120
        8:          6
        9:        720
        8:          7
        9:       5040
        8:          8
        9:      40320
        8:          9
        9:     362880
        8:         10
        9:    3628800
