# testif.p, 2: var x, y, z : integer;
    0: call 0, 2
    1: halt
# testif.p, 3: begin
    2: enter 3
# testif.p, 4: 	x = 1;
    3: push 1
    4: pushvar 0, 4
    5: assign
# testif.p, 5: 	y = 2;
    6: push 2
    7: pushvar 0, 5
    8: assign
# testif.p, 6: 	z = 3;
    9: push 3
   10: pushvar 0, 6
   11: assign
# testif.p, 7: 	{ set x to 2	}
# testif.p, 8: 	if x == 1 then x = y else x = z;
   12: pushvar 0, 4
   13: eval
   14: push 1
   15: equ
   16: jneq 22
   17: pushvar 0, 5
   18: eval
   19: pushvar 0, 4
   20: assign
   21: jump 26
   22: pushvar 0, 6
   23: eval
   24: pushvar 0, 4
   25: assign
# testif.p, 9: 	{ set x to  3	}
# testif.p, 10: 	if x == y then x = z else x = y
   26: pushvar 0, 4
   27: eval
   28: pushvar 0, 5
   29: eval
   30: equ
   31: jneq 37
   32: pushvar 0, 6
   33: eval
   34: pushvar 0, 4
   35: assign
   36: jump 41
# testif.p, 11: end.
   37: pushvar 0, 5
   38: eval
   39: pushvar 0, 4
   40: assign
   41: ret
#testif.p, 11: 

        8:          1
        9:          2
       10:          3
        8:          2
        8:          3
