# test/testif.p, 1: program testif()
# test/testif.p, 2: var x, y, z : integer;
    0: calli 0, 2
    1: halt
# test/testif.p, 3: begin
    2: enter 3
# test/testif.p, 4: 	x := 1;
    3: pushvar 0, 4
    4: push 1
    5: assign 1
# test/testif.p, 5: 	y := 2;
    6: pushvar 0, 5
    7: push 2
    8: assign 1
# test/testif.p, 6: 	z := 3;
    9: pushvar 0, 6
   10: push 3
   11: assign 1
# test/testif.p, 7: 	{ set x to 2	}
# test/testif.p, 8: 	if x = 1 then x := y else x := z;
   12: pushvar 0, 4
   13: eval 1
   14: push 1
   15: equ
   16: jneqi 22
   17: pushvar 0, 4
   18: pushvar 0, 5
   19: eval 1
   20: assign 1
   21: jumpi 26
   22: pushvar 0, 4
   23: pushvar 0, 6
   24: eval 1
   25: assign 1
# test/testif.p, 9: 	writeln(x);
   26: pushvar 0, 4
   27: eval 1
   28: push 1
   29: push 0
   30: push 0
   31: push 1
   32: writeln
# test/testif.p, 10: 
# test/testif.p, 11: 	{ set x to  3	}
# test/testif.p, 12: 	if x = y then x := z else x := y;
   33: pushvar 0, 4
   34: eval 1
   35: pushvar 0, 5
   36: eval 1
   37: equ
   38: jneqi 44
   39: pushvar 0, 4
   40: pushvar 0, 6
   41: eval 1
   42: assign 1
   43: jumpi 48
   44: pushvar 0, 4
   45: pushvar 0, 5
   46: eval 1
   47: assign 1
# test/testif.p, 13: 	writeln(x)
   48: pushvar 0, 4
   49: eval 1
   50: push 1
   51: push 0
   52: push 0
# test/testif.p, 14: end.
   53: push 1
   54: writeln
   55: ret
# test/testif.p, 15: 

2
3
