# test/while.p, 1: { Simple while loop test }
# test/while.p, 2: program ForTest() is
# test/while.p, 3: type R is 0..9;
    0: calli 0, 2
    1: halt
# test/while.p, 4: var i : R;
# test/while.p, 5: begin
    2: enter 1
# test/while.p, 6: 	putln("i := 0, i <= 9, i := i + 1");
    3: push 'i'
    4: push ' '
    5: push ':'
    6: push '='
    7: push ' '
    8: push '0'
    9: push ','
   10: push ' '
   11: push 'i'
   12: push ' '
   13: push '<'
   14: push '='
   15: push ' '
   16: push '9'
   17: push ','
   18: push ' '
   19: push 'i'
   20: push ' '
   21: push ':'
   22: push '='
   23: push ' '
   24: push 'i'
   25: push ' '
   26: push '+'
   27: push ' '
   28: push '1'
   29: push 26
   30: push 0
   31: push 0
   32: putln
# test/while.p, 7: 	i := 0;
   33: pushvar 0, 4
   34: push 0
   35: llimit 0
   36: ulimit 9
   37: assign 1
# test/while.p, 8: 	while (i < 9) loop
   38: pushvar 0, 4
   39: eval 1
   40: push 9
   41: lt
   42: jneqi 58
# test/while.p, 9: 		putln(i);
   43: pushvar 0, 4
   44: eval 1
   45: push 1
   46: push 0
   47: push 0
   48: putln
# test/while.p, 10: 		i := i + 1
   49: pushvar 0, 4
   50: pushvar 0, 4
   51: eval 1
   52: push 1
# test/while.p, 11: 	endloop;
   53: add
   54: llimit 0
   55: ulimit 9
   56: assign 1
   57: jumpi 38
# test/while.p, 12: 	putln(i);
   58: pushvar 0, 4
   59: eval 1
   60: push 1
   61: push 0
   62: push 0
   63: putln
# test/while.p, 13: 	putln();
   64: push 0
   65: push 0
   66: push 0
   67: putln
# test/while.p, 14: 
# test/while.p, 15: 	putln("natual_min, 9, i := succ(i)");
   68: push 'n'
   69: push 'a'
   70: push 't'
   71: push 'u'
   72: push 'a'
   73: push 'l'
   74: push '_'
   75: push 'm'
   76: push 'i'
   77: push 'n'
   78: push ','
   79: push ' '
   80: push '9'
   81: push ','
   82: push ' '
   83: push 'i'
   84: push ' '
   85: push ':'
   86: push '='
   87: push ' '
   88: push 's'
   89: push 'u'
   90: push 'c'
   91: push 'c'
   92: push '('
   93: push 'i'
   94: push ')'
   95: push 27
   96: push 0
   97: push 0
   98: putln
# test/while.p, 16: 	i := natural_min;
   99: pushvar 0, 4
  100: push 0
  101: llimit 0
  102: ulimit 9
  103: assign 1
# test/while.p, 17: 	while (i < 9) loop
  104: pushvar 0, 4
  105: eval 1
  106: push 9
  107: lt
  108: jneqi 123
# test/while.p, 18: 		putln(i);
  109: pushvar 0, 4
  110: eval 1
  111: push 1
  112: push 0
  113: push 0
  114: putln
# test/while.p, 19: 		i := succ(i)
  115: pushvar 0, 4
  116: pushvar 0, 4
  117: eval 1
# test/while.p, 20: 	endloop;
  118: succ 9
  119: llimit 0
  120: ulimit 9
  121: assign 1
  122: jumpi 104
# test/while.p, 21: 	putln(i);
  123: pushvar 0, 4
  124: eval 1
  125: push 1
  126: push 0
  127: push 0
  128: putln
# test/while.p, 22: 	putln();
  129: push 0
  130: push 0
  131: push 0
  132: putln
# test/while.p, 23: 
# test/while.p, 24: 	putln("R_min, R_max, i := succ(i)");
  133: push 'R'
  134: push '_'
  135: push 'm'
  136: push 'i'
  137: push 'n'
  138: push ','
  139: push ' '
  140: push 'R'
  141: push '_'
  142: push 'm'
  143: push 'a'
  144: push 'x'
  145: push ','
  146: push ' '
  147: push 'i'
  148: push ' '
  149: push ':'
  150: push '='
  151: push ' '
  152: push 's'
  153: push 'u'
  154: push 'c'
  155: push 'c'
  156: push '('
  157: push 'i'
  158: push ')'
  159: push 26
  160: push 0
  161: push 0
  162: putln
# test/while.p, 25: 	i := R_min;
  163: pushvar 0, 4
  164: push 0
  165: llimit 0
  166: ulimit 9
  167: assign 1
# test/while.p, 26: 	while (i < R_max) loop
  168: pushvar 0, 4
  169: eval 1
  170: push 9
  171: lt
  172: jneqi 187
# test/while.p, 27: 		putln(i);
  173: pushvar 0, 4
  174: eval 1
  175: push 1
  176: push 0
  177: push 0
  178: putln
# test/while.p, 28: 		i := succ(i)
  179: pushvar 0, 4
  180: pushvar 0, 4
  181: eval 1
# test/while.p, 29: 	endloop;
  182: succ 9
  183: llimit 0
  184: ulimit 9
  185: assign 1
  186: jumpi 168
# test/while.p, 30: 	putln(i)
  187: pushvar 0, 4
  188: eval 1
  189: push 1
  190: push 0
  191: push 0
# test/while.p, 31: endprog
  192: putln
# test/while.p, 32: 
  193: ret 0

i := 0, i <= 9, i := i + 1
0
1
2
3
4
5
6
7
8
9

natual_min, 9, i := succ(i)
0
1
2
3
4
5
6
7
8
9

R_min, R_max, i := succ(i)
0
1
2
3
4
5
6
7
8
9
