# test2/get.p, 1: program gettest() is
# test2/get.p, 2: var i : integer;
    0: calli 0, 2
    1: halt
# test2/get.p, 3: 	r : real;
# test2/get.p, 4: 	ai : array [0..4] of integer;
# test2/get.p, 5: 	ab : array [0..1] of boolean;
# test2/get.p, 6: 	ar : array [1..5] of real;
# test2/get.p, 7: 	s : array [0..9] of character;
# test2/get.p, 8: begin
    2: enter 24
# test2/get.p, 9: 	put_line("5 integers: ");
    3: push '5'
    4: push ' '
    5: push 'i'
    6: push 'n'
    7: push 't'
    8: push 'e'
    9: push 'g'
   10: push 'e'
   11: push 'r'
   12: push 's'
   13: push ':'
   14: push ' '
   15: push 12
   16: push 0
   17: push 0
   18: put_line
# test2/get.p, 10: 	get(ai);
   19: pushvar 0, 6
   20: push 5
   21: get 2
# test2/get.p, 11: 	put_line(ai);
   22: pushvar 0, 6
   23: eval 5
   24: push 5
   25: push 0
   26: push 0
   27: put_line
# test2/get.p, 12: 
# test2/get.p, 13: 	put_line("5 reals: ");
   28: push '5'
   29: push ' '
   30: push 'r'
   31: push 'e'
   32: push 'a'
   33: push 'l'
   34: push 's'
   35: push ':'
   36: push ' '
   37: push 9
   38: push 0
   39: push 0
   40: put_line
# test2/get.p, 14: 	get(ar);
   41: pushvar 0, 13
   42: push 5
   43: get 3
# test2/get.p, 15: 	put_line(ar, 0, 7);
   44: pushvar 0, 13
   45: eval 5
   46: push 5
   47: push 0
   48: push 7
   49: put_line
# test2/get.p, 16: 
# test2/get.p, 17: 	put_line("2 booleans: ");
   50: push '2'
   51: push ' '
   52: push 'b'
   53: push 'o'
   54: push 'o'
   55: push 'l'
   56: push 'e'
   57: push 'a'
   58: push 'n'
   59: push 's'
   60: push ':'
   61: push ' '
   62: push 12
   63: push 0
   64: push 0
   65: put_line
# test2/get.p, 18: 	get(ab);
   66: pushvar 0, 11
   67: push 2
   68: get 0
# test2/get.p, 19: 	put_line(ab);
   69: pushvar 0, 11
   70: eval 2
   71: push 2
   72: push 0
   73: push 0
   74: put_line
# test2/get.p, 20: 
# test2/get.p, 21: 	put_line("10 characters: ");
   75: push '1'
   76: push '0'
   77: push ' '
   78: push 'c'
   79: push 'h'
   80: push 'a'
   81: push 'r'
   82: push 'a'
   83: push 'c'
   84: push 't'
   85: push 'e'
   86: push 'r'
   87: push 's'
   88: push ':'
   89: push ' '
   90: push 15
   91: push 0
   92: push 0
   93: put_line
# test2/get.p, 22: 	get(s);
   94: pushvar 0, 18
   95: push 10
   96: get 1
# test2/get.p, 23: 	put('"');
   97: push '"'
   98: push 1
   99: push 0
  100: push 0
  101: put
# test2/get.p, 24: 	put(s);
  102: pushvar 0, 18
  103: eval 10
  104: push 10
  105: push 0
  106: push 0
  107: put
# test2/get.p, 25: 	put_line('"');
  108: push '"'
  109: push 1
  110: push 0
  111: push 0
  112: put_line
# test2/get.p, 26: 
# test2/get.p, 27: 	put_line("integer: ");
  113: push 'i'
  114: push 'n'
  115: push 't'
  116: push 'e'
  117: push 'g'
  118: push 'e'
  119: push 'r'
  120: push ':'
  121: push ' '
  122: push 9
  123: push 0
  124: push 0
  125: put_line
# test2/get.p, 28: 	get(i);
  126: pushvar 0, 4
  127: push 1
  128: get 2
# test2/get.p, 29: 	put_line(i);
  129: pushvar 0, 4
  130: eval 1
  131: push 1
  132: push 0
  133: push 0
  134: put_line
# test2/get.p, 30: 
# test2/get.p, 31: 	put_line("real: ");
  135: push 'r'
  136: push 'e'
  137: push 'a'
  138: push 'l'
  139: push ':'
  140: push ' '
  141: push 6
  142: push 0
  143: push 0
  144: put_line
# test2/get.p, 32: 	get(r);
  145: pushvar 0, 5
  146: push 1
  147: get 3
# test2/get.p, 33: 	put_line(r, 0, 7)
  148: pushvar 0, 5
  149: eval 1
  150: push 1
  151: push 0
  152: push 7
# test2/get.p, 34: endprog
  153: put_line
# test2/get.p, 35: 
  154: ret 0

5 integers: 
[1,2,3,4,5]
5 reals: 
[1.2000000,2.3000000,3.4000000,4.5000000,5.6000000]
2 booleans: 
[false,true]
10 characters: 
"abcdefghij"
integer: 
0
real: 
0.0000000
